[2026-05-20T08:33:00.077+0000] {manager.py:470} INFO - Processing files using up to 2 processes at a time 
[2026-05-20T08:33:00.080+0000] {manager.py:471} INFO - Process each file at most once every 30 seconds
[2026-05-20T08:33:00.082+0000] {manager.py:472} INFO - Checking for new files in /opt/airflow/dags every 300 seconds
[2026-05-20T08:33:00.083+0000] {manager.py:737} INFO - Searching for files in /opt/airflow/dags
[2026-05-20T08:33:00.090+0000] {manager.py:740} INFO - There are 0 files in /opt/airflow/dags
[2026-05-20T08:38:00.690+0000] {manager.py:737} INFO - Searching for files in /opt/airflow/dags
[2026-05-20T08:38:00.715+0000] {manager.py:740} INFO - There are 0 files in /opt/airflow/dags
[2026-05-20T08:43:01.272+0000] {manager.py:737} INFO - Searching for files in /opt/airflow/dags
[2026-05-20T08:43:01.349+0000] {manager.py:740} INFO - There are 1 files in /opt/airflow/dags
[2026-05-20T08:43:03.956+0000] {manager.py:878} INFO - 
================================================================================
DAG File Processing Stats

File Path                          PID  Runtime      # DAGs    # Errors  Last Runtime    Last Run
-------------------------------  -----  ---------  --------  ----------  --------------  ----------
/opt/airflow/dags/test_minio.py    182  2.16s             0           0
================================================================================
[2026-05-20T08:43:34.009+0000] {manager.py:878} INFO - 
================================================================================
DAG File Processing Stats

File Path                        PID    Runtime      # DAGs    # Errors  Last Runtime    Last Run
-------------------------------  -----  ---------  --------  ----------  --------------  -------------------
/opt/airflow/dags/test_minio.py                           1           0  3.03s           2026-05-20T08:43:04
================================================================================
[2026-05-20T08:44:04.374+0000] {manager.py:878} INFO - 
================================================================================
DAG File Processing Stats

File Path                        PID    Runtime      # DAGs    # Errors  Last Runtime    Last Run
-------------------------------  -----  ---------  --------  ----------  --------------  -------------------
/opt/airflow/dags/test_minio.py                           1           0  0.24s           2026-05-20T08:43:35
================================================================================
[2026-05-20T08:44:34.685+0000] {manager.py:878} INFO - 
================================================================================
DAG File Processing Stats

File Path                        PID    Runtime      # DAGs    # Errors  Last Runtime    Last Run
-------------------------------  -----  ---------  --------  ----------  --------------  -------------------
/opt/airflow/dags/test_minio.py                           1           0  0.21s           2026-05-20T08:44:05
================================================================================
[2026-05-20T08:45:04.977+0000] {manager.py:878} INFO - 
================================================================================
DAG File Processing Stats

File Path                        PID    Runtime      # DAGs    # Errors  Last Runtime    Last Run
-------------------------------  -----  ---------  --------  ----------  --------------  -------------------
/opt/airflow/dags/test_minio.py                           1           0  0.25s           2026-05-20T08:44:35
================================================================================
[2026-05-20T08:45:35.377+0000] {manager.py:878} INFO - 
================================================================================
DAG File Processing Stats

File Path                        PID    Runtime      # DAGs    # Errors  Last Runtime    Last Run
-------------------------------  -----  ---------  --------  ----------  --------------  -------------------
/opt/airflow/dags/test_minio.py                           1           0  0.19s           2026-05-20T08:45:06
================================================================================
[2026-05-20T08:46:05.632+0000] {manager.py:878} INFO - 
================================================================================
DAG File Processing Stats

File Path                        PID    Runtime      # DAGs    # Errors  Last Runtime    Last Run
-------------------------------  -----  ---------  --------  ----------  --------------  -------------------
/opt/airflow/dags/test_minio.py                           1           0  0.18s           2026-05-20T08:45:36
================================================================================
[2026-05-20T08:46:35.990+0000] {manager.py:878} INFO - 
================================================================================
DAG File Processing Stats

File Path                        PID    Runtime      # DAGs    # Errors  Last Runtime    Last Run
-------------------------------  -----  ---------  --------  ----------  --------------  -------------------
/opt/airflow/dags/test_minio.py                           1           0  0.21s           2026-05-20T08:46:06
================================================================================
[2026-05-20T08:47:06.308+0000] {manager.py:878} INFO - 
================================================================================
DAG File Processing Stats

File Path                        PID    Runtime      # DAGs    # Errors  Last Runtime    Last Run
-------------------------------  -----  ---------  --------  ----------  --------------  -------------------
/opt/airflow/dags/test_minio.py                           1           0  0.22s           2026-05-20T08:46:37
================================================================================
[2026-05-20T08:47:36.687+0000] {manager.py:878} INFO - 
================================================================================
DAG File Processing Stats

File Path                        PID    Runtime      # DAGs    # Errors  Last Runtime    Last Run
-------------------------------  -----  ---------  --------  ----------  --------------  -------------------
/opt/airflow/dags/test_minio.py                           1           0  0.19s           2026-05-20T08:47:07
================================================================================
[2026-05-20T08:48:01.915+0000] {manager.py:737} INFO - Searching for files in /opt/airflow/dags
[2026-05-20T08:48:01.945+0000] {manager.py:740} INFO - There are 1 files in /opt/airflow/dags
[2026-05-20T08:48:07.004+0000] {manager.py:878} INFO - 
================================================================================
DAG File Processing Stats

File Path                        PID    Runtime      # DAGs    # Errors  Last Runtime    Last Run
-------------------------------  -----  ---------  --------  ----------  --------------  -------------------
/opt/airflow/dags/test_minio.py                           1           0  0.20s           2026-05-20T08:47:37
================================================================================
[2026-05-20T08:48:37.295+0000] {manager.py:878} INFO - 
================================================================================
DAG File Processing Stats

File Path                        PID    Runtime      # DAGs    # Errors  Last Runtime    Last Run
-------------------------------  -----  ---------  --------  ----------  --------------  -------------------
/opt/airflow/dags/test_minio.py                           1           0  0.23s           2026-05-20T08:48:08
================================================================================
[2026-05-20T08:49:07.612+0000] {manager.py:878} INFO - 
================================================================================
DAG File Processing Stats

File Path                        PID    Runtime      # DAGs    # Errors  Last Runtime    Last Run
-------------------------------  -----  ---------  --------  ----------  --------------  -------------------
/opt/airflow/dags/test_minio.py                           1           0  0.22s           2026-05-20T08:48:38
================================================================================
[2026-05-20T08:49:37.878+0000] {manager.py:878} INFO - 
================================================================================
DAG File Processing Stats

File Path                        PID    Runtime      # DAGs    # Errors  Last Runtime    Last Run
-------------------------------  -----  ---------  --------  ----------  --------------  -------------------
/opt/airflow/dags/test_minio.py                           1           0  0.22s           2026-05-20T08:49:08
================================================================================
[2026-05-20T08:50:08.217+0000] {manager.py:878} INFO - 
================================================================================
DAG File Processing Stats

File Path                        PID    Runtime      # DAGs    # Errors  Last Runtime    Last Run
-------------------------------  -----  ---------  --------  ----------  --------------  -------------------
/opt/airflow/dags/test_minio.py                           1           0  0.24s           2026-05-20T08:49:39
================================================================================
[2026-05-20T08:50:38.543+0000] {manager.py:878} INFO - 
================================================================================
DAG File Processing Stats

File Path                        PID    Runtime      # DAGs    # Errors  Last Runtime    Last Run
-------------------------------  -----  ---------  --------  ----------  --------------  -------------------
/opt/airflow/dags/test_minio.py                           1           0  0.20s           2026-05-20T08:50:09
================================================================================
[2026-05-20T08:51:08.886+0000] {manager.py:878} INFO - 
================================================================================
DAG File Processing Stats

File Path                        PID    Runtime      # DAGs    # Errors  Last Runtime    Last Run
-------------------------------  -----  ---------  --------  ----------  --------------  -------------------
/opt/airflow/dags/test_minio.py                           1           0  0.21s           2026-05-20T08:50:39
================================================================================
[2026-05-20T08:51:39.163+0000] {manager.py:878} INFO - 
================================================================================
DAG File Processing Stats

File Path                        PID    Runtime      # DAGs    # Errors  Last Runtime    Last Run
-------------------------------  -----  ---------  --------  ----------  --------------  -------------------
/opt/airflow/dags/test_minio.py                           1           0  0.27s           2026-05-20T08:51:10
================================================================================
